// Jest Snapshot v1, https://goo.gl/fbAQLP

exports[`Pages SpaceX should render without throwing an error 1`] = `ReactWrapper {}`;
